     8103     68 -rwsr-xr-x   1 root     root        69336 янв 16  2026 /usr/bin/at
     8494     80 -rwsr-xr-x   1 root     root        78512 янв 27  2026 /usr/bin/chage
     8507     68 -rws--x--x   1 root     root        69112 янв 17  2026 /usr/bin/chfn
     8519     68 -rws--x--x   1 root     root        69040 янв 17  2026 /usr/bin/chsh
     8581     68 -rwsr-xr-x   1 root     root        69576 янв 16  2026 /usr/bin/crontab
    10006     68 -rwsr-xr-x   1 root     root        69160 янв 16  2026 /usr/bin/fusermount
    10007     68 -rwsr-xr-x   1 root     root        69168 янв 16  2026 /usr/bin/fusermount-glusterfs
    10069     68 -rwsr-xr-x   1 root     root        69216 мар 19  2026 /usr/bin/fusermount3
    10706     76 -rwsr-xr-x   1 root     root        73936 янв 27  2026 /usr/bin/gpasswd
    10952     68 -rwsr-xr-x   1 root     root        68832 апр  8 12:00 /usr/bin/grub2-set-bootflag
    11550     68 -rwsr-xr-x   1 root     root        69200 янв 17  2026 /usr/bin/mount
    11556    136 -rwsr-xr-x   1 root     root       135976 мар 14  2026 /usr/bin/mount.nfs
    11601     72 -rwsr-xr-x   1 root     root        70768 янв 27  2026 /usr/bin/newgrp
    11975     68 -rwsr-xr-x   1 root     root        68952 янв 23  2026 /usr/bin/pam_timestamp_check
    11991    144 -rwsr-xr-x   1 root     root       144560 янв 27  2026 /usr/bin/passwd
    12207     68 -rwsr-xr-x   1 root     root        69160 мар 27  2026 /usr/bin/pkexec
    12857     68 -rwsr-xr-x   1 root     root        69424 янв 17  2026 /usr/bin/su
    12860    268 ---s--x--x   1 root     root       272496 янв 17  2026 /usr/bin/sudo
    13115     68 -rwsr-xr-x   1 root     root        69112 янв 17  2026 /usr/bin/umount
    13126     68 -rwsr-xr-x   1 root     root        69136 янв 23  2026 /usr/bin/unix_chkpwd
    13154     68 -rws--x--x   1 root     root        69328 янв 17  2026 /usr/bin/userhelper
    13203     68 -rwsr-xr-x   1 root     root        68984 фев  2  2026 /usr/bin/vmware-user-suid-wrapper
    29861     68 -rwsr-xr-x   1 root     root        69080 мар 27  2026 /usr/lib/polkit-1/polkit-agent-helper-1
    52532     68 -rwsr-x---   1 root     dbus        69184 фев 18  2026 /usr/libexec/dbus-1/dbus-daemon-launch-helper
    52777     68 -rwsr-xr-x   1 root     root        69040 янв 17  2026 /usr/libexec/spice-gtk-aarch64/spice-client-glib-usb-acl-helper
    52063     68 -rwsr-xr-x   1 root     root        69048 янв 16  2026 /usr/libexec/libgtop_server2
    52111    656 -rwsr-xr-x   1 root     root       668280 мар 23  2026 /usr/libexec/qemu-bridge-helper
