  Файл: /home/user1
  Размер: 244       	Блоков: 0          Блок В/В: 4096   каталог
Устройство: 0/52	Инода: 3030        Ссылки: 1
Доступ: (0700/drwx------)  Uid: ( 1234/   user1)   Gid: ( 1234/   user1)
Контекст: unconfined_u:object_r:user_home_dir_t:s0
Доступ:        2026-10-01 08:15:45.257088083 +1200
Модифицирован: 2026-10-01 08:18:09.794463008 +1200
Изменён:       2026-10-01 08:18:09.794463008 +1200
Создан:        2026-10-01 07:18:26.832370780 +1200
  Файл: /home/user1/cat
  Размер: 69528     	Блоков: 136        Блок В/В: 4096   обычный файл
Устройство: 0/52	Инода: 4756        Ссылки: 1
Доступ: (4755/-rwsr-xr-x)  Uid: (    0/    root)   Gid: (    0/    root)
Контекст: unconfined_u:object_r:user_home_t:s0
Доступ:        2026-10-01 08:07:38.413878306 +1200
Модифицирован: 2026-10-01 08:06:36.353891769 +1200
Изменён:       2026-10-01 08:06:36.364891767 +1200
Создан:        2026-10-01 08:06:36.353891769 +1200
  Файл: /home/user1/chown
  Размер: 70072     	Блоков: 144        Блок В/В: 4096   обычный файл
Устройство: 0/52	Инода: 4767        Ссылки: 1
Доступ: (0755/-rwxr-xr-x)  Uid: (    0/    root)   Gid: (    0/    root)
Контекст: unconfined_u:object_r:user_home_t:s0
Доступ:        2026-10-01 08:12:49.415237229 +1200
Модифицирован: 2026-10-01 08:08:51.573786954 +1200
Изменён:       2026-10-01 08:08:51.579786920 +1200
Создан:        2026-10-01 08:08:51.572786960 +1200
